loaded-key:
  name: 000bdf945e7527e9b170a3d30605103a9eacb5cec149ddb212b02768cb0320873c6c
  qualified name: 000bb6716c06f324f24219400565ed440453e5d969cf48bc4fcb6cf9008ce1b97443
quoted: ff54434780180022000bb6716c06f324f24219400565ed440453e5d969cf48bc4fcb6cf9008ce1b974430020c0de254d56618d2f561582ef43e8c518d059cabeae7b7014598289d8c32998d30000000000006e12000000030000000001201910230016363600000001000b03ff000000208e4f128da4194541c5e915fec6b500085e8b988fc7faba7f93d425a2f9fb6363
signature:
  alg: rsassa
  sig: 17622c03e60c8b7bcbb6c349209063704629c78203c618ab1a173b4ba08fc10e987e68360862dcfaebfba419c3e4c391abd1a3ce7a77c415a647c36a3c14da082465e0fadd2c867655cd15029af4571ec2c3aa1912a0e8d9c6052de680f860a1b85d6f5217a5b61595944e2e2cfb6d345c6a8c1159cbae29125b1d8f0d2398bab91280a564c1d87e653cfe35a4af69aae81e8cd9829481b070a663cb0b4a67551f585dc55dfe4cc3e7820f3dab06aecbfff525306d289e6713baa65c22ae3c6b580f806d63b491006c0d1cf399e9ef9ed8e0446367b61a828cfa1b0033620abde14a8045438dd68d4c24148a27ee80e613dd2b353cf94437c50f9f57517835fa
pcrs:
  sha256:
    0 : 0x737F767A12F54E70EECBC8684011323AE2FE2DD9F90785577969D7A2013E8C12
    1 : 0x6A507817E3B7A069EDE2126C3EE10AB6D4B36DEC6B0BDD764830FDC58EC7B92B
    2 : 0x3D458CFE55CC03EA1F443F1562BEEC8DF51C75E14A9FCF9A7234A13F198E7969
    3 : 0x3D458CFE55CC03EA1F443F1562BEEC8DF51C75E14A9FCF9A7234A13F198E7969
    4 : 0xB0996B207091B5C73D73042EAF7E10C17BC665AEDE5CF9C7DCCD510FF50A25A5
    5 : 0x1C19E28642838706D71E658ADAAB211D0C372943B48639A224F3DB4FC0FDF137
    6 : 0x3D458CFE55CC03EA1F443F1562BEEC8DF51C75E14A9FCF9A7234A13F198E7969
    7 : 0x65CAF8DD1E0EA7A6347B635D2B379C93B9A1351EDC2AFC3ECDA700E534EB3068
calcDigest: 8e4f128da4194541c5e915fec6b500085e8b988fc7faba7f93d425a2f9fb6363
name: 000bdf945e7527e9b170a3d30605103a9eacb5cec149ddb212b02768cb0320873c6c
qualified name: 000bb6716c06f324f24219400565ed440453e5d969cf48bc4fcb6cf9008ce1b97443
name-alg:
  value: sha256
  raw: 0xb
attributes:
  value: fixedtpm|fixedparent|sensitivedataorigin|userwithauth|restricted|sign
  raw: 0x50072
type:
  value: rsa
  raw: 0x1
exponent: 65537
bits: 2048
scheme:
  value: rsassa
  raw: 0x14
scheme-halg:
  value: sha256
  raw: 0xb
sym-alg:
  value: null
  raw: 0x10
sym-mode:
  value: (null)
  raw: 0x0
sym-keybits: 0
rsa: c973a730b5490cb90a2c1d04137f75b26d7be5b1d1fde50018a77cc361d7d7492b9d62953d77e36cd9ad549dd618dc1fd622f1cdd54276623a763edc38b402b09d859a8c447c7e9d90301ca3636a9c9563690b8b74dd7ebd0898e1b191ef59bba00da7eef14a12ba9b51b703d8cdf1021436239041e21793dc8ef7a79420ac577a52d0c1cc98b3ddab71fc3cc7fc0f0e0c755b0ff53ed1849a8b5daa8433cf6d9daee0b25414c5284841ea72530de9b799fe8d815d608d9ec3d25e08dc0b0062dac2c201628c85de255c4c4f04f12fd6459e8ca40e8b71c3967dd865d238ddbab1a0bbf0212fb8ba8a5b75b9d44b1860f2741b9866e3c216303f8a2c457da6b1
