loaded-key:
  name: 000b46188528dbcf03b774777a5702a7a1e57696f0fcf2db2c368a72ca98709b79d2
  qualified name: 000b8b8db2b11e60e8cb9d1d33a94296b0a1aea5054cac3c01b45c190c0649b73c3b
quoted: ff54434780180022000b8b8db2b11e60e8cb9d1d33a94296b0a1aea5054cac3c01b45c190c0649b73c3b002008a2720d2728b53a1477df39a6312c56bcc49417139a9d542bf1ad5a9e4080e60000000000006b02000000030000000001201910230016363600000001000b03ff00000020d5a8878171711fb708ce2c5d0dbab5f80ec92caf9a4894dea71c2515f1d53df0
signature:
  alg: rsassa
  sig: 177cf368c7dd98217ea091903805a596e0efcb7eba6341caf641750008a645b4bc83e93747e4068db9aa27c216aa088488526103e5d3fecde161c60bb812e1a41bea49c1be8053a82eb8e69fb8e5a3fc14605cf96b62b662d3eb7a0fa39a0c78f34720a618af2cc96b1f4f3c7887813eb89402f4e27ffb89aabab148c3007965ac1d8a285c8d27c52cbdb359fc81ab81e549ed8100b8e995ce5c7a3e35d0e84e93df332dd61209867d24fd4e082f474d884765ed34ed7806f1bdd6ec0aeb011bd06dcf394bbcb9eae86aac8b83612259bab67f7efec559b2e466171d530f3f352c44040a2110f5f5b93a6aba474fba5bc3ce9314bed1cf118f1c09533eecb9ff
pcrs:
  sha256:
    0 : 0x737F767A12F54E70EECBC8684011323AE2FE2DD9F90785577969D7A2013E8C12
    1 : 0x661098C2989EA2FE91B54B2D2EAE43E35C2E908EEF72B7B7E3A8AF5A112224EB
    2 : 0x3D458CFE55CC03EA1F443F1562BEEC8DF51C75E14A9FCF9A7234A13F198E7969
    3 : 0x3D458CFE55CC03EA1F443F1562BEEC8DF51C75E14A9FCF9A7234A13F198E7969
    4 : 0xB0996B207091B5C73D73042EAF7E10C17BC665AEDE5CF9C7DCCD510FF50A25A5
    5 : 0x1C19E28642838706D71E658ADAAB211D0C372943B48639A224F3DB4FC0FDF137
    6 : 0x3D458CFE55CC03EA1F443F1562BEEC8DF51C75E14A9FCF9A7234A13F198E7969
    7 : 0x65CAF8DD1E0EA7A6347B635D2B379C93B9A1351EDC2AFC3ECDA700E534EB3068
calcDigest: d5a8878171711fb708ce2c5d0dbab5f80ec92caf9a4894dea71c2515f1d53df0
name: 000b46188528dbcf03b774777a5702a7a1e57696f0fcf2db2c368a72ca98709b79d2
qualified name: 000b8b8db2b11e60e8cb9d1d33a94296b0a1aea5054cac3c01b45c190c0649b73c3b
name-alg:
  value: sha256
  raw: 0xb
attributes:
  value: fixedtpm|fixedparent|sensitivedataorigin|userwithauth|restricted|sign
  raw: 0x50072
type:
  value: rsa
  raw: 0x1
exponent: 65537
bits: 2048
scheme:
  value: rsassa
  raw: 0x14
scheme-halg:
  value: sha256
  raw: 0xb
sym-alg:
  value: null
  raw: 0x10
sym-mode:
  value: (null)
  raw: 0x0
sym-keybits: 0
rsa: bcc36dc36e90d57c39720d98ab96b1f309ef0103e292c38a4f3b63efc7b056a1311cf3eb9bbfba6372901e2e00d0b8fdd0454938a424c78745856dbb2dd67f12f0fcdeab465d733b0a43a36d1283427f6580fb09931fb40210f3a344976cc75c01794e7225ef8a71140d8a103eeb36c231a5283d29ce24a6b3b1df525ad9088e54adab7d0810d4c65a0e78aeaadf66bd1fb75ea5cf4cd7d9ad02fbd5b9275a3af992ffa9a5b5cb5b031b2c660556be4d7ae3b460fa55708eb7f10d9305499036cfa12b2d69f4fe75ecc7750b7064aed3792ba2fe5a12782cd1f481989ccc3739cd26fd7ab66877d31c374dffdf776046e0498297704dfd6d77c27aaf917ec4fb
